// Jest Snapshot v1, https://goo.gl/fbAQLP

exports[`Renders App.js correctly 1`] = `
<div
  className="app"
>
  <div
    className="i18n"
  >
    <button
      className="langSelected"
      onClick={[Function]}
    >
      EN
    </button>
    <button
      className={null}
      onClick={[Function]}
    >
      PT
    </button>
  </div>
  <header
    className="app-header"
  >
    <p
      className="app-title"
    >
      Currency Converter
    </p>
  </header>
  <body
    className="app-body"
  >
    <p
      className="app-subtitle"
    >
      Currency
    </p>
    <div
      className="main-container"
    >
      <div
        className="form-container"
      >
        <div
          className="half-container"
        >
          <p
            className="label"
          >
            From:
          </p>
          <input
            min="0"
            onChange={[Function]}
            pattern="^\\\\d+(?:\\\\.\\\\d{1,2})?$"
            placeholder="0.00"
            step="0.01"
            title="Currency"
            value={0}
          />
          <select
            onChange={[Function]}
            value="USD"
          />
        </div>
        <div
          className="half-container"
        >
          <p
            className="label"
          >
            To:
          </p>
          <input
            placeholder="0.00"
            value={0}
          />
          <select
            onChange={[Function]}
            value="EUR"
          />
        </div>
      </div>
      <div>
        <button
          onClick={[Function]}
        >
          Convert
        </button>
      </div>
    </div>
    <p
      className="app-subtitle"
    >
      Crypto Currency
    </p>
    <div
      className="main-container"
    >
      <div
        className="form-container"
      >
        <div
          className="half-container"
        >
          <p
            className="label"
          >
            From:
          </p>
          <input
            className="input-from"
            min="0"
            onChange={[Function]}
            placeholder="0.00"
            value={0}
          />
          <select
            onChange={[Function]}
            value="BTC"
          />
        </div>
        <div
          className="half-container"
        >
          <p
            className="label"
          >
            To:
          </p>
          <input
            className="input-to"
            placeholder="0.00"
            value={0}
          />
          <select
            onChange={[Function]}
            value="USD"
          />
        </div>
      </div>
      <div>
        <button
          onClick={[Function]}
        >
          Convert Crypto
        </button>
      </div>
    </div>
  </body>
</div>
`;
